====== compile.log ======
====== test_public.log ======
>SPLIT<
>TEST=basic1<
>Program Output<
Hello World
$ this is old cmd: echothis is old cmd: Hellothis is old cmd: World$ >Expected Output<
Hello World
>SPLIT<
>TEST=basic2<
>Program Output<
Line 1
Line 2
$ this is old cmd: echothis is old cmd: Linethis is old cmd: 1$ this is old cmd: echothis is old cmd: Linethis is old cmd: 2$ >Expected Output<
Line 1
Line 2
>SPLIT<
>TEST=basic3<
>Program Output<
basic1
basic2
basic3
$ this is old cmd: lsthis is old cmd: /assignments/ASSTUSER1/basic/$ >Expected Output<
basic1
basic2
basic3
>SPLIT<
>TEST=pipefinal<
>Program Output<
This is CS350 Docker container repository. It includes the CS350 Docker 
container and the tools to build, run, debug and test OS/161 and Linux
based programming assignments for CS350. This repository currently expects that you are 
touchtxt
running in a UNIX or UNIX-like environment that supports docker, such as, MacOS, Linux or Windows WSL. 
txt
cat: '|': No such file or directory
$ this is old cmd: catthis is old cmd: /assignments/ASSTUSER1/sampletxtthis is old cmd: |$ >Output File Contents<
>Error File Contents<
>Expected Output<
>Output File Contents<
touchtxt
>Error File Contents<
>SPLIT<
>TEST=pipeone<
>Program Output<
This is CS350 Docker container repository. It includes the CS350 Docker 
container and the tools to build, run, debug and test OS/161 and Linux
based programming assignments for CS350. This repository currently expects that you are 
touchtxt
running in a UNIX or UNIX-like environment that supports docker, such as, MacOS, Linux or Windows WSL. 
txt
cat: '|': No such file or directory
$ this is old cmd: catthis is old cmd: /assignments/ASSTUSER1/sampletxtthis is old cmd: |$ >Output File Contents<
>Error File Contents<
>Expected Output<
touchtxt
>Output File Contents<
>Error File Contents<
>SPLIT<
>TEST=pipetwo<
>Program Output<
This is CS350 Docker container repository. It includes the CS350 Docker 
container and the tools to build, run, debug and test OS/161 and Linux
based programming assignments for CS350. This repository currently expects that you are 
touchtxt
running in a UNIX or UNIX-like environment that supports docker, such as, MacOS, Linux or Windows WSL. 
txt
cat: '|': No such file or directory
$ this is old cmd: catthis is old cmd: /assignments/ASSTUSER1/sampletxtthis is old cmd: |$ >Output File Contents<
>Error File Contents<
>Expected Output<
      1       1       9
>Output File Contents<
>Error File Contents<
>SPLIT<
>TEST=redirinput<
>Program Output<
touchtxt
$ this is old cmd: grepthis is old cmd: touchthis is old cmd: <this is old cmd: /assignments/ASSTUSER1/sampletxt$ >Output File Contents<
>Error File Contents<
>Expected Output<
touchtxt
>Output File Contents<
>Error File Contents<
>SPLIT<
>TEST=redirinputoutput<
>Program Output<
>Output File Contents<
touchtxt
>Error File Contents<
>Expected Output<
>Output File Contents<
touchtxt
>Error File Contents<
>SPLIT<
>TEST=rediroutput<
>Program Output<
>Output File Contents<
basic
redirpipe
run.sh
sampletxt
verify.py
>Error File Contents<
>Expected Output<
>Output File Contents<
basic
redirpipe
run.sh
sampletxt
verify.py
>Error File Contents<
>SPLIT<
>TEST=rediroutputinput<
>Program Output<
>Output File Contents<
touchtxt
>Error File Contents<
>Expected Output<
>Output File Contents<
touchtxt
>Error File Contents<
